// Jest Snapshot v1, https://goo.gl/fbAQLP

exports[`GetSimIndicators fetches indicators 1`] = `
<ul class="list-group bg-white">
  <li class="list-group-item">indicators.averageProcessingTime
    <div class="float-right text-success">0</div>
  </li>
  <li class="list-group-item">indicators.orderToBeConfirmedByBO
    <div class="float-right text-success">0</div>
  </li>
  <li class="list-group-item">indicators.ordersFailed
    <div class="float-right text-danger">0</div>
  </li>
  <li class="list-group-item">indicators.ordersInProgress
    <div class="float-right text-warning">2</div>
  </li>
  <li class="list-group-item">indicators.ordersNotConfirmed
    <div class="float-right text-warning">0</div>
  </li>
  <li class="list-group-item">indicators.ordersToBeConfirmed
    <div class="float-right text-warning">2</div>
  </li>
</ul>
`;
