// Jest Snapshot v1, https://goo.gl/fbAQLP

exports[`GetSimIndicators fetches indicators 1`] = `
<ul class="list-group bg-white">
  <li class="list-group-item">
    indicators.ordersToBeConfirmed
    <div class="float-right"><button class="btn btn-link p-0 text-danger">
        2
      </button></div>
  </li>
  <li class="list-group-item">
    indicators.ordersInProgress
    <div class="float-right"><button class="btn btn-link p-0 text-success">
        2
      </button></div>
  </li>
  <li class="list-group-item">
    indicators.ordersNotConfirmed
    <div class="float-right"><button class="btn btn-link p-0 text-warning">
        0
      </button></div>
  </li>
  <li class="list-group-item">
    indicators.ordersFailed
    <div class="float-right"><button class="btn btn-link p-0 text-warning">
        0
      </button></div>
  </li>
  <li class="list-group-item">
    indicators.averageProcessingTime
    <div class="float-right text-success"><button class="btn btn-link p-0 text-warning">
        0
      </button></div>
  </li>
  <li class="list-group-item">
    indicators.orderToBeConfirmedByBO
    <div class="float-right"><button class="btn btn-link p-0 text-warning">
        0
      </button></div>
  </li>
</ul>
`;
