// Jest Snapshot v1, https://goo.gl/fbAQLP

exports[`UiDropdownButton.vue can append content 1`] = `
<div class="position-relative p-0"><button type="button" class="dropdown-toggle btn btn-outline-gray"></button>
  <transition-stub name="fade">
    <!---->
  </transition-stub>
  <div>appended</div>
</div>
`;
